MOVED: 01_wealth_of_nations_adam_smith.pdf -> Финансы
MOVED: 01_wealth_of_nations_analysis.md -> Финансы
MOVED: 02_reminiscences_stock_operator_lefevre.pdf -> Финансы
MOVED: 02_stock_operator_analysis.md -> Финансы
MOVED: 03_economic_consequences_of_peace_keynes.pdf -> Финансы
MOVED: 03_economic_consequences_peace_analysis.md -> Финансы
MOVED: 04_lombard_street_analysis.md -> Финансы
MOVED: 04_lombard_street_bagehot.pdf -> Финансы
MOVED: 05_other_peoples_money_analysis.md -> Финансы
MOVED: 05_other_peoples_money_brandeis.pdf -> Финансы
MOVED: 06_fifty_years_wall_street_analysis.md -> Финансы
MOVED: 06_fifty_years_wall_street_clews.pdf -> Финансы
MOVED: 07_random_reminiscences_analysis.md -> Финансы
MOVED: 07_random_reminiscences_rockefeller.pdf -> Финансы
MOVED: 08_art_of_money_getting_analysis.md -> Финансы
MOVED: 08_art_of_money_getting_barnum.pdf -> Финансы
MOVED: 09_how_to_invest_money_analysis.md -> Финансы
MOVED: 09_how_to_invest_money_henry.pdf -> Финансы
MOVED: 10_tract_on_monetary_reform_analysis.md -> Финансы
MOVED: 10_tract_on_monetary_reform_keynes.pdf -> Финансы
MOVED: 12 правил жизни. Противоядие от хаоса - часть 1.txt -> Психология
MOVED: 12 правил жизни. Противоядие от хаоса - часть 2.txt -> Психология
MOVED: 12_недель_в_году.txt -> Тайм-менеджмент
MOVED: 21_урок_для_XXI_века.txt -> Развитие
MOVED: 21_урок_для_XXI_века2.txt -> Развитие
MOVED: 7 навыков высокоффективных людей.txt -> Развитие
MOVED: Afanaseva_Prodavay-kak-bog-Vklyuchit-sumasshedshuyu-konversiyu.vEuqUw.610688.fb2 -> Продажи
MOVED: Afanaseva_Prodavay-kak-bog-Vklyuchit-sumasshedshuyu-konversiyu.vEuqUw.610688.txt -> Продажи
MOVED: Alekseev_Chto-Gde-Kogda-.cAZJrQ.114741.txt -> Развитие
MOVED: Allen_Kak-privesti-dela-v-poryadok.K8h6qg.182172.fb2 -> Тайм-менеджмент
MOVED: Arieli_Predskazuemaya-irracionalnost-Skrytye-sily-opredelyayushchie-nashi-resheniya.pssCNQ.350343.txt -> Развитие
MOVED: Barnard_Pitanie-dlya-mozga-Effektivnaya-poshagovaya-metodika-dlya-usileniya-effektivnosti-raboty-moz.txt -> Психология
MOVED: Barysheva_Kak-prodat-slona-ili-51-priem-zaklyucheniya-sdelki.-iLJ_A.304248.fb2 -> Продажи
MOVED: Barysheva_Kak-prodat-slona-ili-51-priem-zaklyucheniya-sdelki.-iLJ_A.304248.txt -> Продажи
MOVED: Bredemayer_Chernaya-ritorika-Vlast-i-magiya-slova.V-wvWA.479351.txt -> Общение, красноречие, голос
MOVED: Chaldini_Psihologiya-ubezhdeniya-60-dokazannyh-sposobov-byt-ubeditelnym.q6zXKw.691573.txt -> Продажи
MOVED: Chaldini_Psihologiya-ubezhdeniya-Vazhnye-melochi-garantiruyushchie-uspeh.Hihx-Q.429971.txt -> Продажи
MOVED: Devidson_Emocionalnaya-zhizn-mozga.NQzUvQ.494631.txt -> Психология
MOVED: Dzhonson_52-ponedelnika-Kak-za-god-dobitsya-lyubyh-celey.EkcKBQ.423742.fb2 -> Тайм-менеджмент
MOVED: Dzhonson_52-ponedelnika-Kak-za-god-dobitsya-lyubyh-celey.EkcKBQ.423742.txt -> Тайм-менеджмент
MOVED: Ferriss_Kak-rabotat-po-4-chasa-v-nedelyu-i-pri-etom-ne-torchat-v-ofise-ot-zvonka-do-zvonka-zhit-gde-.txt -> Тайм-менеджмент
MOVED: Ferriss_Kak-rabotat-po-4-chasa-v-nedelyu-i-pri-etom-ne-torchat-v-ofise-ot-zvonka-do-zvonka-zhit-gde-ugodno-i-bogatet.-JXe_Q.292920.fb2 -> Тайм-менеджмент
MOVED: Fridman_Pozhirateli-vremeni-Kak-izbavit-ot-lishney-raboty-sebya-i-sotrudnikov.Adu-oQ.557080.fb2 -> Тайм-менеджмент
MOVED: Fridman_Pozhirateli-vremeni-Kak-izbavit-ot-lishney-raboty-sebya-i-sotrudnikov.Adu-oQ.557080.txt -> Тайм-менеджмент
MOVED: Geydzh_Pochemu-vy-glupy-bolny-i-bedny-I-kak-stat-umnym-zdorovym-i-bogatym-.6kmuvA.93457.txt -> Финансы
MOVED: Granin_Eta-strannaya-zhizn.06lpZg.239869.txt -> Развитие
MOVED: Grant_Podumayte-eshche-raz-Sila-znaniya-o-neznanii.qEuXZQ.640589.txt -> Развитие
MOVED: Grant_Skrytyy-potencial-Nauka-dostizheniya-velikih-celey.VDBMtQ.819726.txt -> Развитие
MOVED: Grebenyuk_Otdel-prodazh-po-zahvatu-rynka.WeBxaA.542138.txt -> Продажи
MOVED: Hardi_Budushchiy-ya-Kak-nachat-vypolnyat-dannye-sebe-obeshchaniya.OXNRhA.766789.txt -> Развитие
MOVED: Harford_Ekonomist-pod-prikrytiem.sIrG6A.158903.fb2 -> Финансы
MOVED: Harford_Ekonomist-pod-prikrytiem.sIrG6A.158903.txt -> Финансы
MOVED: Harford_Haos-Kak-besporyadok-menyaet-nashu-zhizn-k-luchshemu.y83I0A.506005.txt -> Тайм-менеджмент
MOVED: Hensson_Ne-shodite-s-uma-na-rabote.ftM1uA.552191.fb2 -> Тайм-менеджмент
MOVED: Hensson_Ne-shodite-s-uma-na-rabote.ftM1uA.552191.txt -> Тайм-менеджмент
MOVED: Kabeyn_Harizma-Kak-vliyat-ubezhdat-i-vdohnovlyat.GIdv4w.447216.txt -> Общение, красноречие, голос
MOVED: Kasparov_Shahmaty-kak-model-zhizni.pj8KFg.105601.txt -> Развитие
MOVED: Kemp_Snachala-skazhite-net-.xN23gA.284665.txt -> Развитие
MOVED: Kennedi_Dogovoritsya-mozhno-obo-vsem-Kak-dobivatsya-maksimuma-v-lyubyh-peregovorah.pfRTSw.473148.txt -> Общение, красноречие, голос
MOVED: Kerpen_Geniy-kommunikacii-Iskusstvo-prityagivat-lyudey-i-prevrashchat-ih-v-svoih-soyuznikov-11-navykov-effektivnogo-obshcheniya.06TRtA.569082.txt -> Общение, красноречие, голос
MOVED: Krzhnarik_Na-100-let-vpered-Iskusstvo-dolgosrochnogo-myshleniya-ili-Kak-chelovechestvo-razuchilos-du.txt -> Психология
MOVED: Lovenstayn_Kogda-geniy-terpit-porazhenie.I3QrMA.479775.txt -> Финансы
MOVED: Makgonigal_Sila-voli-Kak-razvit-i-ukrepit.R5j7IA.313552.txt -> Развитие
MOVED: Minto_Princip-piramidy-Minto.XfmJiw.525291.txt -> Общение, красноречие, голос
MOVED: Moran_12-nedel-v-godu.ALzsAw.393326.fb2 -> Тайм-менеджмент
MOVED: Moran_12-nedel-v-godu.ALzsAw.393326.txt -> Тайм-менеджмент
MOVED: Paskal_Mysli.UlEVMw.584327.fb2 -> Эзотерика, духовность
MOVED: Piling_Iskusstvo-peregovorov-Chto-luchshie-peregovorshchiki-znayut-delayut-i-govoryat.I2YvRg.458656.fb2 -> Продажи
MOVED: Piling_Iskusstvo-peregovorov-Chto-luchshie-peregovorshchiki-znayut-delayut-i-govoryat.I2YvRg.458656.txt -> Продажи
MOVED: Pink_Cheloveku-svoystvenno-prodavat-Udivitelnaya-pravda-o-tom-kak-pobuzhdat-drugih-k-deystviyu.c_TDCQ.425795.fb2 -> Продажи
MOVED: Pozharskaya_Rechevaya-samooborona.Z5XGnA.482317.txt -> Общение, красноречие, голос
MOVED: Rekhem_SPIN-prodazhi.4j4ftQ.313102.txt -> Продажи
MOVED: Sheynov_Govorit-net-ne-ispytyvaya-chuvstva-viny.7ML88g.385417.txt -> Общение, красноречие, голос
MOVED: Shtayner_Filosofiya-svobody-Osnovnye-cherty-odnogo-sovremennogo-mirovozzreniya.4jLtQQ.843606.txt -> Развитие
MOVED: Snayder_K-chertu-ceny-Sozdavayte-cennost-SPIN-prodazhi-v-novyh-usloviyah.TogI1w.269593.txt -> Продажи
MOVED: Transcend.txt -> Развитие
MOVED: Transcend2..txt -> Развитие
MOVED: Treysi_Vyydi-iz-zony-komforta-Izmeni-svoyu-zhizn.t4MEIg.342476.txt -> Развитие
MOVED: Yuri_Peregovory-bez-porazheniya-Garvardskiy-metod.c3U1wg.507992.txt -> Продажи
MOVED: Ziglar_Sekrety-zaklyucheniya-sdelok.gkuIJQ.427828.fb2 -> Продажи
MOVED: Ziglar_Sekrety-zaklyucheniya-sdelok.gkuIJQ.427828.txt -> Продажи
MOVED: [Не]правда о нашем теле.txt -> Развитие
MOVED: barysheva-kak-prodat.txt -> Продажи
MOVED: nil_rekhem-spin-prodazhi-61f236343023e.fb2.zip -> Продажи
MOVED: obuchenie-finansovoy-gramotnosti.-prostye-recepty-povysheniya-blagosostoyaniya.txt -> Финансы
MOVED: paskal-mysli-ulevmw.txt -> Эзотерика, духовность
MOVED: Азбука системного мышлени.txt -> Развитие
MOVED: Атомные привычки. Как приобрести хорошие привычки и избавиться от плохих.txt -> Развитие
MOVED: Беспокойный ум. Моя победа над биполярным расстройством.txt -> Психология
MOVED: Боги_денег_(Часть_1).txt -> Финансы
MOVED: Боги_денег_(Часть_2).txt -> Финансы
MOVED: Быть собой. Новая теория сознания - часть 1.txt -> Психология
MOVED: Быть собой. Новая теория сознания - часть 2.txt -> Психология
MOVED: В_начале_было_Слово,_а_в_конце_будет_цифра.txt -> Общение, красноречие, голос
MOVED: В_начале_было_Слово,_а_в_конце_будет_цифра2.txt -> Общение, красноречие, голос
MOVED: В_начале_было_Слово,_а_в_конце_будет_цифра3.txt -> Общение, красноречие, голос
MOVED: Величайший блеф. Как я научилась быть внимательной, владеть собой и побеждать - часть 1.txt -> Развитие
MOVED: Величайший блеф. Как я научилась быть внимательной, владеть собой и побеждать - часть 2.txt -> Развитие
MOVED: Власть_голоса.txt -> Общение, красноречие, голос
MOVED: Внутренний опыт.txt -> Развитие
MOVED: Воля и самоконтроль.txt -> Психология
MOVED: Воля_и_самоконтроль2.txt -> Психология
MOVED: Восхождение денег.txt -> Финансы
MOVED: Восхождение_денег.txt -> Финансы
MOVED: Восхождение_денегч2.txt -> Финансы
MOVED: Восьмой навык. От эффективности к величию - часть 1.txt -> Развитие
MOVED: Восьмой навык. От эффективности к величию - часть 2.txt -> Развитие
MOVED: Голая_статистика ч1.txt -> Развитие
MOVED: Голая_статистика ч2.txt -> Развитие
MOVED: Голая_статистика.txt -> Развитие
MOVED: Головоломки и развлечения_transcription.txt -> Развитие
MOVED: Головоломки. Задачи. Фокусы. Развлечения_transcription.txt -> Развитие
MOVED: ДУмай как миллионер.txt -> Финансы
MOVED: Деньги. Мастер игры1.txt -> Финансы
MOVED: Деньги. Мастер игры2.txt -> Финансы
MOVED: Деньги. Мастер игры3.txt -> Финансы
MOVED: Диета для ускорения метаболизма.txt -> Здоровье
MOVED: Дофамин самый нужный гормон.txt -> Развитие
MOVED: Душа денег.txt -> Финансы
MOVED: Еда. Отправная точка. Какими мы станем в будущем, если не изменим себя в настоящем - часть 1.txt -> Здоровье
MOVED: Еда. Отправная точка. Какими мы станем в будущем, если не изменим себя в настоящем - часть 2.txt -> Здоровье
MOVED: Еда.Отправная точка..txt -> Здоровье
MOVED: Жесткий менеджмент. Заставьте людей работать на.txt -> Бизнес, менеджмент
MOVED: Живи с чувством. Как поставить цели, к которым лежит душа.txt -> Психология
MOVED: Жизнь_без_усилий_transcription.txt -> Развитие
MOVED: ЗОЖ оно вам надо.txt -> Здоровье
MOVED: Закрыть_сделку_Пять_навыков_для_отличных_результатов_в_продажах.mp3 -> Продажи
MOVED: Зачем мы спим. Новая наука о сне и сновидениях - часть 1.txt -> Здоровье
MOVED: Зачем мы спим. Новая наука о сне и сновидениях - часть 2.txt -> Здоровье
MOVED: Здоровый мозг. Программа для улучшения памяти и мышления.txt -> Психология
MOVED: Идиотский бесценный мозг. Как мы поддаемся на все уловки и хитрости нашего мозга - часть 2.txt -> Психология
MOVED: Идиотский бесценный мозг.txt -> Психология
MOVED: Искусство видеть_transcription.txt -> Развитие
MOVED: Искусство правильно мыслить.txt -> Развитие
MOVED: Искусство продавать. Самые эффективные приемы и техники.txt -> Развитие
MOVED: Искусство продавать. Самые эффективные приемы и техники_transcription.txt -> Развитие
MOVED: Йога и сексуальные практики - часть 1.txt -> Эзотерика, духовность
MOVED: К_черту_всё!_Берись_и_делай!_Полная_версия.txt -> Развитие
MOVED: Как включить осознанность. Техники эффективных практик и медитаций в современном мире.txt -> Развитие
MOVED: Как есть меньше. Преодолеваем пищевую зависимость.txt -> Развитие
MOVED: Как любить осознанно.txt -> Эзотерика, духовность
MOVED: Как любить осознанно_transcription.txt -> Эзотерика, духовность
MOVED: Как люди думают.txt -> Психология
MOVED: Как писать убедительно .txt -> Общение, красноречие, голос
MOVED: Как писать убедительно.txt -> Общение, красноречие, голос
MOVED: Как привести дела в порядок. Искусство продуктивности без стресса - часть 1.txt -> Тайм-менеджмент
MOVED: Как привести дела в порядок. Искусство продуктивности без стресса - часть 2.txt -> Тайм-менеджмент
MOVED: Как_лгать_при_помощи_статистики.txt -> Развитие
MOVED: Как_не_ошибаться1.txt -> Развитие
MOVED: Как_не_ошибаться2..txt -> Развитие
MOVED: Как_не_ошибаться3.txt -> Развитие
MOVED: Книга_переговорщика_Гениальное_руководство_для_успешных_сделок.txt -> Продажи
MOVED: Когда_грабить_банк_и_другие_лайфхаки.txt -> Развитие
MOVED: Количественная теория денег.txt -> Финансы
MOVED: Кофеман. Как найти.txt -> Развитие
MOVED: Кошелек_или_жизнь.txt -> Финансы
MOVED: Кошелек_или_жизнь2.txt -> Финансы
MOVED: Краткая_история_денег.txt -> Финансы
MOVED: Легкий_способ_добиться_успеха.txt -> Развитие
MOVED: Личные финансы-2. Секреты управления и индивидуальный финансовый план.txt -> Финансы
MOVED: Логика смысла (Вторая половина) - часть 1.txt -> Развитие
MOVED: Логика смысла (Вторая половина) - часть 2.txt -> Развитие
MOVED: Логика.txt -> Развитие
MOVED: Логика_Учебник_для_средней_школы_Издание_восьмое.txt -> Развитие
MOVED: Ложная память. Почему нельзя доверять воспоминаниям - часть 1..txt -> Психология
MOVED: Лучше_поздно,_чем_никогда.txt -> Развитие
MOVED: Магия утра. Как первый час дня определяет ваш успех.txt -> Развитие
MOVED: Мани, или Азбука денег.txt -> Финансы
MOVED: Маркетинг_от_А_до_Я_80_концепций.txt -> Бизнес, менеджмент
MOVED: Мастер-ключ_к_исполнению_желаний.txt -> Развитие
MOVED: Мастер_больших_продаж_Искусство_заключать_крупные_контракты.txt -> Продажи
MOVED: Математика для взрослых.txt -> Развитие
MOVED: Математика для взрослых_transcription.txt -> Развитие
MOVED: Менеджер_мафии_Руководство_для_корпоративного.txt -> Бизнес, менеджмент
MOVED: Мир_трех_нулей.txt -> Развитие
MOVED: Мозг Тонкая настройка. Наша жизнь с точки зрения нейронауки - часть 1.txt -> Психология
MOVED: Мозг Тонкая настройка. Наша жизнь с точки зрения нейронауки - часть 2.txt -> Психология
MOVED: Мозг. Инструкция пользователя - часть 1.txt -> Психология
MOVED: Мозг_Ваша_личная_история.txt -> Развитие
MOVED: Моложе с каждым годом. Как дожить до 100 лет бодрым, здоровым и счастливым - часть 1.txt -> Здоровье
MOVED: Моложе с каждым годом. Как дожить до 100 лет бодрым, здоровым и счастливым - часть 2.txt -> Здоровье
MOVED: Музыка как предмет логики.txt -> Развитие
MOVED: Начни с главного!.mp3 -> Тайм-менеджмент
MOVED: Не навреди сам себе, - часть 1.txt -> Развитие
MOVED: Не навреди сам себе, - часть 2.txt -> Развитие
MOVED: Нейрокопирайтинг. 100+ приёмов влияния с помощью текста.txt -> Развитие
MOVED: Нестареющий мозг.txt -> Психология
MOVED: Нет оправданий! Сила самодисциплины.txt -> Развитие
MOVED: Одинокий город. Упражнения в искусстве одиночества - часть 1.txt -> Развитие
MOVED: Одинокий город. Упражнения в искусстве одиночества - часть 2.txt -> Развитие
MOVED: Опасные_желания.txt -> Развитие
MOVED: Оставьте брезгливость, съешьте лягушку!.txt -> Развитие
MOVED: Оставьте брезгливость, съешьте лягушку!_transcription.txt -> Развитие
MOVED: От Сунь-цзы до Стива Джобса искусство стратегии.txt -> Бизнес, менеджмент
MOVED: От нуля к единице. Как создать стартап, который изменит будущее..txt -> Бизнес, менеджмент
MOVED: От хорошего к великому - часть 1.txt -> Развитие
MOVED: От хорошего к великому - часть 2.txt -> Развитие
MOVED: Очаровательный_кишечник.txt -> Здоровье
MOVED: Питание_как_основа_здоровья.txt -> Развитие
MOVED: Питание_как_основа_здоровья2.txt -> Развитие
MOVED: Пить_или_не_пить_Новая_наука_об_алкоголе_и_вашем_здоровье.txt -> Здоровье
MOVED: Поднимите свой финансовый IQ.txt -> Финансы
MOVED: Полюби_другую_еду_–_улучши_тело_и_работу_мозга.txt -> Здоровье
MOVED: Почему мужчина должен быть хорошо одет_transcription.txt -> Развитие
MOVED: Почему одни страны богатые, а другие бедные - часть 1.txt -> Финансы
MOVED: Почему одни страны богатые, а другие бедные - часть 2.txt -> Финансы
MOVED: Почему одни страны богатые, а другие бедные - часть 3..txt -> Финансы
MOVED: Почему_E=mc²_И_почему_это_должно_нас_волновать.txt -> Развитие
MOVED: Правила мозга. Что стоит знать о мозге вам и вашим детям.txt -> Психология
MOVED: Предрассудки о здоровье. Жить надо с умом и правильно - часть 1.txt -> Психология
MOVED: Предрассудки о здоровье.txt -> Психология
MOVED: Привычка достигать. Как применять дизайн-мышление для достижения целей, которые казались вам невозможными.txt -> Психология
MOVED: Принципы. Жизнь и работа - часть 1.txt -> Финансы
MOVED: Принципы. Жизнь и работа - часть 2.txt -> Финансы
MOVED: Принципы_жизни.txt -> Развитие
MOVED: Прокачай мозг методом британских ученых_transcription.txt -> Психология
MOVED: Проклятие наличности - часть 1.txt -> Развитие
MOVED: Проклятие наличности - часть 2.txt -> Развитие
MOVED: Психология денег. Вечные уроки богатства, жадности и счастья.txt -> Финансы
MOVED: Психология убеждения. 50 доказанных способов быть убедительным.txt -> Продажи
MOVED: Психология_влияния.txt -> Психология
MOVED: Психология_влияния2.txt -> Психология
MOVED: Путешествие_еды.txt -> Развитие
MOVED: Путешествие_еды2.txt -> Развитие
MOVED: Пути_в_незнаемое.txt -> Развитие
MOVED: Пути_в_незнаемое2.txt -> Развитие
MOVED: Пути_в_незнаемое3.txt -> Развитие
MOVED: Радикальная_неопределенность_Принятие_решений_за_пределами_цифр.txt -> Развитие
MOVED: Радикальная_неопределенность_Принятие_решений_за_пределами_цифр2.txt -> Развитие
MOVED: Речь_против_языка_transcription.txt -> Общение, красноречие, голос
MOVED: Сверху_вниз.txt -> Развитие
MOVED: Свобода выбирать.txt -> Развитие
MOVED: Свобода_выбирать_(fb2.txt -> Развитие
MOVED: Семь грехов памяти. Как наш мозг нас обманывает - часть 1.txt -> Психология
MOVED: Семь грехов памяти. Как наш мозг нас обманывает - часть 2.txt -> Психология
MOVED: Сила_влияния.txt -> Развитие
MOVED: Слово_за_слово_искусство_переговоров_в_реальной_жизни.mp3 -> Продажи
MOVED: Совершенное_тело_за_4_часа.txt -> Здоровье
MOVED: Совершенное_тело_за_4_часа2.txt -> Здоровье
MOVED: Совершенное_тело_за_4_часа3.txt -> Здоровье
MOVED: Сознание_и_мозг.txt -> Психология
MOVED: Сознание_и_мозг2.txt -> Психология
MOVED: Справедливость.txt -> Развитие
MOVED: Справедливость2.txt -> Развитие
MOVED: Странности нашего языка_transcription.txt -> Развитие
MOVED: Счастье уроки новой науки - часть 2.txt -> Тайм-менеджмент
MOVED: Тезаурус_вкусов.txt -> Развитие
MOVED: Теория игр. Искусство стратегического мышления в бизнесе и жизни - часть 2.txt -> Психология
MOVED: Тестостерон_гормон,_который_разделяет_и_властвует.txt -> Развитие
MOVED: Тестостерон_гормон,_который_разделяет_и_властвует2.txt -> Развитие
MOVED: Техника_тренировки_памяти.txt -> Здоровье
MOVED: Удивительная_логика.txt -> Развитие
MOVED: Удовольствие_от_X.txt -> Развитие
MOVED: Ум во благо.txt -> Психология
MOVED: Уоррен_Баффет.txt -> Финансы
MOVED: Фильтру!Как работают наши печень и почки.txt -> Развитие
MOVED: ХОЧУ… выглядеть стильно! Как улучшить свой гардероб и изменить жизнь.txt -> Развитие
MOVED: Цифры_врут.txt -> Развитие
MOVED: Человек уставший. Как победить хроническую усталость и вернуть себе силы, энергию и радость жизни.txt -> Эзотерика, духовность
MOVED: Чертоги_разума.txt -> Психология
MOVED: Шум. Несовершенство человеческих суждений - часть 1.txt -> Психология
MOVED: Шум. Несовершенство человеческих суждений - часть 2.txt -> Психология
MOVED: Эго, или Наделенный собой.txt -> Развитие
MOVED: Этим утром я решила перестать есть_transcription.txt -> Развитие
MOVED: Эффект_теломер_революционный_подход_к_более_молодой,_здоровой_и.txt -> Здоровье
MOVED: Эффект_теломер_революционный_подход_к_более_молодой,_здоровой_и2.txt -> Здоровье
MOVED: еда и мозг.txt -> Психология
MOVED: путь к финансовой независимости.txt -> Финансы
MOVED: путь к финансовой свободен.txt -> Финансы
MOVED: сначала скажите нет.txt -> Развитие
